> ClimateChange = read.csv("climate_change.csv")
Error in file(file, "rt") : cannot open the connection
In addition: Warning message:
In file(file, "rt") :
  cannot open file 'climate_change.csv': No such file or directory
> ClimateChange = read.csv("climate_change.csv")
Error in file(file, "rt") : cannot open the connection
In addition: Warning message:
In file(file, "rt") :
  cannot open file 'climate_change.csv': No such file or directory
> ClimateChange = read.csv("climate_change.csv")
Error in file(file, "rt") : cannot open the connection
In addition: Warning message:
In file(file, "rt") :
  cannot open file 'climate_change.csv': No such file or directory
> ClimateChange = read.csv("climate_change.csv")
> str(ClimateChange)
'data.frame':   308 obs. of  11 variables:
 $ Year    : int  1983 1983 1983 1983 1983 1983 1983 1983 1984 1984 ...
 $ Month   : int  5 6 7 8 9 10 11 12 1 2 ...
 $ MEI     : num  2.556 2.167 1.741 1.13 0.428 ...
 $ CO2     : num  346 346 344 342 340 ...
 $ CH4     : num  1639 1634 1633 1631 1648 ...
 $ N2O     : num  304 304 304 304 304 ...
 $ CFC.11  : num  191 192 193 194 194 ...
 $ CFC.12  : num  350 352 354 356 357 ...
 $ TSI     : num  1366 1366 1366 1366 1366 ...
 $ Aerosols: num  0.0863 0.0794 0.0731 0.0673 0.0619 0.0569 0.0524 0.0486 0.0451 0.0416 ...
 $ Temp    : num  0.109 0.118 0.137 0.176 0.149 0.093 0.232 0.078 0.089 0.013 ...
> ClimateChangeTraining = subset(ClimateChnage, Year > 2005)
Error in subset(ClimateChnage, Year > 2005) : 
  object 'ClimateChnage' not found
> ClimateChangeTraining = subset(ClimateChange, Year > 2005)
> str(ClimateChnageTraining)
Error in str(ClimateChnageTraining) : 
  object 'ClimateChnageTraining' not found
> str(ClimateChangeTraining)
'data.frame':   36 obs. of  11 variables:
 $ Year    : int  2006 2006 2006 2006 2006 2006 2006 2006 2006 2006 ...
 $ Month   : int  1 2 3 4 5 6 7 8 9 10 ...
 $ MEI     : num  -0.471 -0.455 -0.591 -0.688 -0.036 0.563 0.628 0.759 0.793 0.892 ...
 $ CO2     : num  381 382 383 385 385 ...
 $ CH4     : num  1795 1786 1787 1801 1799 ...
 $ N2O     : num  320 320 320 320 320 ...
 $ CFC.11  : num  251 250 250 250 250 ...
 $ CFC.12  : num  542 541 541 541 540 ...
 $ TSI     : num  1366 1366 1366 1366 1366 ...
 $ Aerosols: num  0.0034 0.0033 0.0032 0.0032 0.003 0.0033 0.0038 0.0041 0.0043 0.0044 ...
 $ Temp    : num  0.32 0.435 0.38 0.378 0.352 0.442 0.456 0.482 0.425 0.472 ...
> ClimateChnage$Year
Error: object 'ClimateChnage' not found
> ClimateChangeTraining = subset(ClimateChange, Year < 2007)
> str(ClimateChangeTraining)
'data.frame':   284 obs. of  11 variables:
 $ Year    : int  1983 1983 1983 1983 1983 1983 1983 1983 1984 1984 ...
 $ Month   : int  5 6 7 8 9 10 11 12 1 2 ...
 $ MEI     : num  2.556 2.167 1.741 1.13 0.428 ...
 $ CO2     : num  346 346 344 342 340 ...
 $ CH4     : num  1639 1634 1633 1631 1648 ...
 $ N2O     : num  304 304 304 304 304 ...
 $ CFC.11  : num  191 192 193 194 194 ...
 $ CFC.12  : num  350 352 354 356 357 ...
 $ TSI     : num  1366 1366 1366 1366 1366 ...
 $ Aerosols: num  0.0863 0.0794 0.0731 0.0673 0.0619 0.0569 0.0524 0.0486 0.0451 0.0416 ...
 $ Temp    : num  0.109 0.118 0.137 0.176 0.149 0.093 0.232 0.078 0.089 0.013 ...
> max(ClimateChangeTraining$Year)
[1] 2006
> ClimateChangeTest = subset(ClimateChange, Year > 2006)
> max(ClimateChangeTest$Year)
[1] 2008
> min(ClimateChangeTest$Year)
[1] 2007
> model1 = lm(Temp ~ MEI+CO2+CH4+N2O+CFC.11+CFC.12+TSI+Aerosols, data = ClimateChangeTraining)
> summary(model1)

Call:
lm(formula = Temp ~ MEI + CO2 + CH4 + N2O + CFC.11 + CFC.12 + 
    TSI + Aerosols, data = ClimateChangeTraining)

Residuals:
     Min       1Q   Median       3Q      Max 
-0.25888 -0.05913 -0.00082  0.05649  0.32433 

Coefficients:
              Estimate Std. Error t value Pr(>|t|)    
(Intercept) -1.246e+02  1.989e+01  -6.265 1.43e-09 ***
MEI          6.421e-02  6.470e-03   9.923  < 2e-16 ***
CO2          6.457e-03  2.285e-03   2.826  0.00505 ** 
CH4          1.240e-04  5.158e-04   0.240  0.81015    
N2O         -1.653e-02  8.565e-03  -1.930  0.05467 .  
CFC.11      -6.631e-03  1.626e-03  -4.078 5.96e-05 ***
CFC.12       3.808e-03  1.014e-03   3.757  0.00021 ***
TSI          9.314e-02  1.475e-02   6.313 1.10e-09 ***
Aerosols    -1.538e+00  2.133e-01  -7.210 5.41e-12 ***
---
Signif. codes:  0 ‘***’ 0.001 ‘**’ 0.01 ‘*’ 0.05 ‘.’ 0.1 ‘ ’ 1

Residual standard error: 0.09171 on 275 degrees of freedom
Multiple R-squared:  0.7509,    Adjusted R-squared:  0.7436 
F-statistic: 103.6 on 8 and 275 DF,  p-value: < 2.2e-16

> cor(ClimateChangeTraining)
                Year         Month           MEI         CO2         CH4
Year      1.00000000 -0.0279419602 -0.0369876842  0.98274939  0.91565945
Month    -0.02794196  1.0000000000  0.0008846905 -0.10673246  0.01856866
MEI      -0.03698768  0.0008846905  1.0000000000 -0.04114717 -0.03341930
CO2       0.98274939 -0.1067324607 -0.0411471651  1.00000000  0.87727963
CH4       0.91565945  0.0185686624 -0.0334193014  0.87727963  1.00000000
N2O       0.99384523  0.0136315303 -0.0508197755  0.97671982  0.89983864
CFC.11    0.56910643 -0.0131112236  0.0690004387  0.51405975  0.77990402
CFC.12    0.89701166  0.0006751102  0.0082855443  0.85268963  0.96361625
TSI       0.17030201 -0.0346061935 -0.1544919227  0.17742893  0.24552844
Aerosols -0.34524670  0.0148895406  0.3402377871 -0.35615480 -0.26780919
Temp      0.78679714 -0.0998567411  0.1724707512  0.78852921  0.70325502
                 N2O      CFC.11        CFC.12         TSI    Aerosols
Year      0.99384523  0.56910643  0.8970116635  0.17030201 -0.34524670
Month     0.01363153 -0.01311122  0.0006751102 -0.03460619  0.01488954
MEI      -0.05081978  0.06900044  0.0082855443 -0.15449192  0.34023779
CO2       0.97671982  0.51405975  0.8526896272  0.17742893 -0.35615480
CH4       0.89983864  0.77990402  0.9636162478  0.24552844 -0.26780919
N2O       1.00000000  0.52247732  0.8679307757  0.19975668 -0.33705457
CFC.11    0.52247732  1.00000000  0.8689851828  0.27204596 -0.04392120
CFC.12    0.86793078  0.86898518  1.0000000000  0.25530281 -0.22513124
TSI       0.19975668  0.27204596  0.2553028138  1.00000000  0.05211651
Aerosols -0.33705457 -0.04392120 -0.2251312440  0.05211651  1.00000000
Temp      0.77863893  0.40771029  0.6875575483  0.24338269 -0.38491375
                Temp
Year      0.78679714
Month    -0.09985674
MEI       0.17247075
CO2       0.78852921
CH4       0.70325502
N2O       0.77863893
CFC.11    0.40771029
CFC.12    0.68755755
TSI       0.24338269
Aerosols -0.38491375
Temp      1.00000000
> model2 = lm(Temp ~ MEI+N2O+TSI+Aerosols, data = ClimateChangeTraining)
> summary(model2)

Call:
lm(formula = Temp ~ MEI + N2O + TSI + Aerosols, data = ClimateChangeTraining)

Residuals:
     Min       1Q   Median       3Q      Max 
-0.27916 -0.05975 -0.00595  0.05672  0.34195 

Coefficients:
              Estimate Std. Error t value Pr(>|t|)    
(Intercept) -1.162e+02  2.022e+01  -5.747 2.37e-08 ***
MEI          6.419e-02  6.652e-03   9.649  < 2e-16 ***
N2O          2.532e-02  1.311e-03  19.307  < 2e-16 ***
TSI          7.949e-02  1.487e-02   5.344 1.89e-07 ***
Aerosols    -1.702e+00  2.180e-01  -7.806 1.19e-13 ***
---
Signif. codes:  0 ‘***’ 0.001 ‘**’ 0.01 ‘*’ 0.05 ‘.’ 0.1 ‘ ’ 1

Residual standard error: 0.09547 on 279 degrees of freedom
Multiple R-squared:  0.7261,    Adjusted R-squared:  0.7222 
F-statistic: 184.9 on 4 and 279 DF,  p-value: < 2.2e-16

> model_step = step(model1)
Start:  AIC=-1348.16
Temp ~ MEI + CO2 + CH4 + N2O + CFC.11 + CFC.12 + TSI + Aerosols

           Df Sum of Sq    RSS     AIC
- CH4       1   0.00049 2.3135 -1350.1
<none>                  2.3130 -1348.2
- N2O       1   0.03132 2.3443 -1346.3
- CO2       1   0.06719 2.3802 -1342.0
- CFC.12    1   0.11874 2.4318 -1335.9
- CFC.11    1   0.13986 2.4529 -1333.5
- TSI       1   0.33516 2.6482 -1311.7
- Aerosols  1   0.43727 2.7503 -1301.0
- MEI       1   0.82823 3.1412 -1263.2

Step:  AIC=-1350.1
Temp ~ MEI + CO2 + N2O + CFC.11 + CFC.12 + TSI + Aerosols

           Df Sum of Sq    RSS     AIC
<none>                  2.3135 -1350.1
- N2O       1   0.03133 2.3448 -1348.3
- CO2       1   0.06672 2.3802 -1344.0
- CFC.12    1   0.13023 2.4437 -1336.5
- CFC.11    1   0.13938 2.4529 -1335.5
- TSI       1   0.33500 2.6485 -1313.7
- Aerosols  1   0.43987 2.7534 -1302.7
- MEI       1   0.83118 3.1447 -1264.9
> str(model_step)
List of 13
 $ coefficients : Named num [1:8] -1.25e+02 6.41e-02 6.40e-03 -1.60e-02 -6.61e-03 ...
  ..- attr(*, "names")= chr [1:8] "(Intercept)" "MEI" "CO2" "N2O" ...
 $ residuals    : Named num [1:284] -0.05095 -0.02731 0.00131 0.06861 0.10809 ...
  ..- attr(*, "names")= chr [1:284] "1" "2" "3" "4" ...
 $ effects      : Named num [1:284] -4.176 -0.5255 2.4265 -0.1515 -0.0759 ...
  ..- attr(*, "names")= chr [1:284] "(Intercept)" "MEI" "CO2" "N2O" ...
 $ rank         : int 8
 $ fitted.values: Named num [1:284] 0.16 0.1453 0.1357 0.1074 0.0409 ...
  ..- attr(*, "names")= chr [1:284] "1" "2" "3" "4" ...
 $ assign       : int [1:8] 0 1 2 3 4 5 6 7
 $ qr           :List of 5
  ..$ qr   : num [1:284, 1:8] -16.8523 0.0593 0.0593 0.0593 0.0593 ...
  .. ..- attr(*, "dimnames")=List of 2
  .. .. ..$ : chr [1:284] "1" "2" "3" "4" ...
  .. .. ..$ : chr [1:8] "(Intercept)" "MEI" "CO2" "N2O" ...
  .. ..- attr(*, "assign")= int [1:8] 0 1 2 3 4 5 6 7
  ..$ qraux: num [1:8] 1.06 1.11 1.08 1.01 1.11 ...
  ..$ pivot: int [1:8] 1 2 3 4 5 6 7 8
  ..$ tol  : num 1e-07
  ..$ rank : int 8
  ..- attr(*, "class")= chr "qr"
 $ df.residual  : int 276
 $ xlevels      : Named list()
 $ call         : language lm(formula = Temp ~ MEI + CO2 + N2O + CFC.11 + CFC.12 + TSI + Aerosols,      data = ClimateChangeTraining)
 $ terms        :Classes 'terms', 'formula'  language Temp ~ MEI + CO2 + N2O + CFC.11 + CFC.12 + TSI + Aerosols
  .. ..- attr(*, "variables")= language list(Temp, MEI, CO2, N2O, CFC.11, CFC.12, TSI, Aerosols)
  .. ..- attr(*, "factors")= int [1:8, 1:7] 0 1 0 0 0 0 0 0 0 0 ...
  .. .. ..- attr(*, "dimnames")=List of 2
  .. .. .. ..$ : chr [1:8] "Temp" "MEI" "CO2" "N2O" ...
  .. .. .. ..$ : chr [1:7] "MEI" "CO2" "N2O" "CFC.11" ...
  .. ..- attr(*, "term.labels")= chr [1:7] "MEI" "CO2" "N2O" "CFC.11" ...
  .. ..- attr(*, "order")= int [1:7] 1 1 1 1 1 1 1
  .. ..- attr(*, "intercept")= int 1
  .. ..- attr(*, "response")= int 1
  .. ..- attr(*, ".Environment")=<environment: R_GlobalEnv> 
  .. ..- attr(*, "predvars")= language list(Temp, MEI, CO2, N2O, CFC.11, CFC.12, TSI, Aerosols)
  .. ..- attr(*, "dataClasses")= Named chr [1:8] "numeric" "numeric" "numeric" "numeric" ...
  .. .. ..- attr(*, "names")= chr [1:8] "Temp" "MEI" "CO2" "N2O" ...
 $ model        :'data.frame':  284 obs. of  8 variables:
  ..$ Temp    : num [1:284] 0.109 0.118 0.137 0.176 0.149 0.093 0.232 0.078 0.089 0.013 ...
  ..$ MEI     : num [1:284] 2.556 2.167 1.741 1.13 0.428 ...
  ..$ CO2     : num [1:284] 346 346 344 342 340 ...
  ..$ N2O     : num [1:284] 304 304 304 304 304 ...
  ..$ CFC.11  : num [1:284] 191 192 193 194 194 ...
  ..$ CFC.12  : num [1:284] 350 352 354 356 357 ...
  ..$ TSI     : num [1:284] 1366 1366 1366 1366 1366 ...
  ..$ Aerosols: num [1:284] 0.0863 0.0794 0.0731 0.0673 0.0619 0.0569 0.0524 0.0486 0.0451 0.0416 ...
  ..- attr(*, "terms")=Classes 'terms', 'formula'  language Temp ~ MEI + CO2 + N2O + CFC.11 + CFC.12 + TSI + Aerosols
  .. .. ..- attr(*, "variables")= language list(Temp, MEI, CO2, N2O, CFC.11, CFC.12, TSI, Aerosols)
  .. .. ..- attr(*, "factors")= int [1:8, 1:7] 0 1 0 0 0 0 0 0 0 0 ...
  .. .. .. ..- attr(*, "dimnames")=List of 2
  .. .. .. .. ..$ : chr [1:8] "Temp" "MEI" "CO2" "N2O" ...
  .. .. .. .. ..$ : chr [1:7] "MEI" "CO2" "N2O" "CFC.11" ...
  .. .. ..- attr(*, "term.labels")= chr [1:7] "MEI" "CO2" "N2O" "CFC.11" ...
  .. .. ..- attr(*, "order")= int [1:7] 1 1 1 1 1 1 1
  .. .. ..- attr(*, "intercept")= int 1
  .. .. ..- attr(*, "response")= int 1
  .. .. ..- attr(*, ".Environment")=<environment: R_GlobalEnv> 
  .. .. ..- attr(*, "predvars")= language list(Temp, MEI, CO2, N2O, CFC.11, CFC.12, TSI, Aerosols)
  .. .. ..- attr(*, "dataClasses")= Named chr [1:8] "numeric" "numeric" "numeric" "numeric" ...
  .. .. .. ..- attr(*, "names")= chr [1:8] "Temp" "MEI" "CO2" "N2O" ...
 $ anova        :'data.frame':  2 obs. of  6 variables:
  ..$ Step      : 'AsIs' chr [1:2] "" "- CH4"
  ..$ Df        : num [1:2] NA 1
  ..$ Deviance  : num [1:2] NA 0.000486
  ..$ Resid. Df : num [1:2] 275 276
  ..$ Resid. Dev: num [1:2] 2.31 2.31
  ..$ AIC       : num [1:2] -1348 -1350
  ..- attr(*, "heading")= chr [1:6] "Stepwise Model Path \nAnalysis of Deviance Table" "\nInitial Model:" "Temp ~ MEI + CO2 + CH4 + N2O + CFC.11 + CFC.12 + TSI + Aerosols" "\nFinal Model:" ...
 - attr(*, "class")= chr "lm"
> sum(model_step$residuals)
[1] 8.747343e-16
> str(model_sum)
Error in str(model_sum) : object 'model_sum' not found
> str(model_step)
List of 13
 $ coefficients : Named num [1:8] -1.25e+02 6.41e-02 6.40e-03 -1.60e-02 -6.61e-03 ...
  ..- attr(*, "names")= chr [1:8] "(Intercept)" "MEI" "CO2" "N2O" ...
 $ residuals    : Named num [1:284] -0.05095 -0.02731 0.00131 0.06861 0.10809 ...
  ..- attr(*, "names")= chr [1:284] "1" "2" "3" "4" ...
 $ effects      : Named num [1:284] -4.176 -0.5255 2.4265 -0.1515 -0.0759 ...
  ..- attr(*, "names")= chr [1:284] "(Intercept)" "MEI" "CO2" "N2O" ...
 $ rank         : int 8
 $ fitted.values: Named num [1:284] 0.16 0.1453 0.1357 0.1074 0.0409 ...
  ..- attr(*, "names")= chr [1:284] "1" "2" "3" "4" ...
 $ assign       : int [1:8] 0 1 2 3 4 5 6 7
 $ qr           :List of 5
  ..$ qr   : num [1:284, 1:8] -16.8523 0.0593 0.0593 0.0593 0.0593 ...
  .. ..- attr(*, "dimnames")=List of 2
  .. .. ..$ : chr [1:284] "1" "2" "3" "4" ...
  .. .. ..$ : chr [1:8] "(Intercept)" "MEI" "CO2" "N2O" ...
  .. ..- attr(*, "assign")= int [1:8] 0 1 2 3 4 5 6 7
  ..$ qraux: num [1:8] 1.06 1.11 1.08 1.01 1.11 ...
  ..$ pivot: int [1:8] 1 2 3 4 5 6 7 8
  ..$ tol  : num 1e-07
  ..$ rank : int 8
  ..- attr(*, "class")= chr "qr"
 $ df.residual  : int 276
 $ xlevels      : Named list()
 $ call         : language lm(formula = Temp ~ MEI + CO2 + N2O + CFC.11 + CFC.12 + TSI + Aerosols,      data = ClimateChangeTraining)
 $ terms        :Classes 'terms', 'formula'  language Temp ~ MEI + CO2 + N2O + CFC.11 + CFC.12 + TSI + Aerosols
  .. ..- attr(*, "variables")= language list(Temp, MEI, CO2, N2O, CFC.11, CFC.12, TSI, Aerosols)
  .. ..- attr(*, "factors")= int [1:8, 1:7] 0 1 0 0 0 0 0 0 0 0 ...
  .. .. ..- attr(*, "dimnames")=List of 2
  .. .. .. ..$ : chr [1:8] "Temp" "MEI" "CO2" "N2O" ...
  .. .. .. ..$ : chr [1:7] "MEI" "CO2" "N2O" "CFC.11" ...
  .. ..- attr(*, "term.labels")= chr [1:7] "MEI" "CO2" "N2O" "CFC.11" ...
  .. ..- attr(*, "order")= int [1:7] 1 1 1 1 1 1 1
  .. ..- attr(*, "intercept")= int 1
  .. ..- attr(*, "response")= int 1
  .. ..- attr(*, ".Environment")=<environment: R_GlobalEnv> 
  .. ..- attr(*, "predvars")= language list(Temp, MEI, CO2, N2O, CFC.11, CFC.12, TSI, Aerosols)
  .. ..- attr(*, "dataClasses")= Named chr [1:8] "numeric" "numeric" "numeric" "numeric" ...
  .. .. ..- attr(*, "names")= chr [1:8] "Temp" "MEI" "CO2" "N2O" ...
 $ model        :'data.frame':  284 obs. of  8 variables:
  ..$ Temp    : num [1:284] 0.109 0.118 0.137 0.176 0.149 0.093 0.232 0.078 0.089 0.013 ...
  ..$ MEI     : num [1:284] 2.556 2.167 1.741 1.13 0.428 ...
  ..$ CO2     : num [1:284] 346 346 344 342 340 ...
  ..$ N2O     : num [1:284] 304 304 304 304 304 ...
  ..$ CFC.11  : num [1:284] 191 192 193 194 194 ...
  ..$ CFC.12  : num [1:284] 350 352 354 356 357 ...
  ..$ TSI     : num [1:284] 1366 1366 1366 1366 1366 ...
  ..$ Aerosols: num [1:284] 0.0863 0.0794 0.0731 0.0673 0.0619 0.0569 0.0524 0.0486 0.0451 0.0416 ...
  ..- attr(*, "terms")=Classes 'terms', 'formula'  language Temp ~ MEI + CO2 + N2O + CFC.11 + CFC.12 + TSI + Aerosols
  .. .. ..- attr(*, "variables")= language list(Temp, MEI, CO2, N2O, CFC.11, CFC.12, TSI, Aerosols)
  .. .. ..- attr(*, "factors")= int [1:8, 1:7] 0 1 0 0 0 0 0 0 0 0 ...
  .. .. .. ..- attr(*, "dimnames")=List of 2
  .. .. .. .. ..$ : chr [1:8] "Temp" "MEI" "CO2" "N2O" ...
  .. .. .. .. ..$ : chr [1:7] "MEI" "CO2" "N2O" "CFC.11" ...
  .. .. ..- attr(*, "term.labels")= chr [1:7] "MEI" "CO2" "N2O" "CFC.11" ...
  .. .. ..- attr(*, "order")= int [1:7] 1 1 1 1 1 1 1
  .. .. ..- attr(*, "intercept")= int 1
  .. .. ..- attr(*, "response")= int 1
  .. .. ..- attr(*, ".Environment")=<environment: R_GlobalEnv> 
  .. .. ..- attr(*, "predvars")= language list(Temp, MEI, CO2, N2O, CFC.11, CFC.12, TSI, Aerosols)
  .. .. ..- attr(*, "dataClasses")= Named chr [1:8] "numeric" "numeric" "numeric" "numeric" ...
  .. .. .. ..- attr(*, "names")= chr [1:8] "Temp" "MEI" "CO2" "N2O" ...
 $ anova        :'data.frame':  2 obs. of  6 variables:
  ..$ Step      : 'AsIs' chr [1:2] "" "- CH4"
  ..$ Df        : num [1:2] NA 1
  ..$ Deviance  : num [1:2] NA 0.000486
  ..$ Resid. Df : num [1:2] 275 276
  ..$ Resid. Dev: num [1:2] 2.31 2.31
  ..$ AIC       : num [1:2] -1348 -1350
  ..- attr(*, "heading")= chr [1:6] "Stepwise Model Path \nAnalysis of Deviance Table" "\nInitial Model:" "Temp ~ MEI + CO2 + CH4 + N2O + CFC.11 + CFC.12 + TSI + Aerosols" "\nFinal Model:" ...
 - attr(*, "class")= chr "lm"
> SSE = sum(model_step$residuals^2)
> SSE
[1] 2.313506
> RMSE = sqrt(SSE/nrow(ClimateChangeTraining)
+ )
> RMSE
[1] 0.09025601
> summary(model_sum)
Error in summary(model_sum) : object 'model_sum' not found
> summary(model_step)

Call:
lm(formula = Temp ~ MEI + CO2 + N2O + CFC.11 + CFC.12 + TSI + 
    Aerosols, data = ClimateChangeTraining)

Residuals:
     Min       1Q   Median       3Q      Max 
-0.25770 -0.05994 -0.00104  0.05588  0.32203 

Coefficients:
              Estimate Std. Error t value Pr(>|t|)    
(Intercept) -1.245e+02  1.985e+01  -6.273 1.37e-09 ***
MEI          6.407e-02  6.434e-03   9.958  < 2e-16 ***
CO2          6.402e-03  2.269e-03   2.821 0.005129 ** 
N2O         -1.602e-02  8.287e-03  -1.933 0.054234 .  
CFC.11      -6.609e-03  1.621e-03  -4.078 5.95e-05 ***
CFC.12       3.868e-03  9.812e-04   3.942 0.000103 ***
TSI          9.312e-02  1.473e-02   6.322 1.04e-09 ***
Aerosols    -1.540e+00  2.126e-01  -7.244 4.36e-12 ***
---
Signif. codes:  0 ‘***’ 0.001 ‘**’ 0.01 ‘*’ 0.05 ‘.’ 0.1 ‘ ’ 1

Residual standard error: 0.09155 on 276 degrees of freedom
Multiple R-squared:  0.7508,    Adjusted R-squared:  0.7445 
F-statistic: 118.8 on 7 and 276 DF,  p-value: < 2.2e-16

> predictedTemp = predict(model_step, newdata = ClimateChangeTest)
> SSE = sum((predictedTemp - ClimateChangeTest$Temp)^2)
> SST = sum((mean(ClimateChnageTraining$Temp) - ClimateChangeTest$Temp)^2)
Error in mean(ClimateChnageTraining$Temp) : 
  object 'ClimateChnageTraining' not found
> SST = sum((mean(ClimateChangeTraining$Temp) - ClimateChangeTest$Temp)^2)
> R = 1 - SSE/SST
> R
[1] 0.6286051
> SSE
[1] 0.2176444
> SST
[1] 0.5860189
> 
